// Jest Snapshot v1, https://goo.gl/fbAQLP

exports[`renders a title 1`] = `ShallowWrapper {}`;
